
Processing configuration file sa-ee_769.lsd...

Simulation 1 of 3 running (seed=2305)...
 Optional statistics being computed in object 'Stats' for country 1
 Optional statistics being computed in object 'Stats' for country 2
 Regime changed (t=100) at country 1
 Regime changed (t=100) at country 2
Simulation 1 of 3 finished at case 400 (755.10 sec.)
Saving results to file /home/fanti/LSD/Work/k-s-labormkt/R/sa_ee/sa-ee_769_2305.res.gz... Done

Simulation 2 of 3 running (seed=2306)...
 Optional statistics being computed in object 'Stats' for country 1
 Optional statistics being computed in object 'Stats' for country 2
 Regime changed (t=100) at country 1
 Regime changed (t=100) at country 2
Simulation 2 of 3 finished at case 400 (702.60 sec.)
Saving results to file /home/fanti/LSD/Work/k-s-labormkt/R/sa_ee/sa-ee_769_2306.res.gz... Done

Simulation 3 of 3 running (seed=2307)...
 Optional statistics being computed in object 'Stats' for country 1
 Optional statistics being computed in object 'Stats' for country 2
 Regime changed (t=100) at country 1
 Regime changed (t=100) at country 2
Simulation 3 of 3 finished at case 400 (586.45 sec.)
Saving results to file /home/fanti/LSD/Work/k-s-labormkt/R/sa_ee/sa-ee_769_2307.res.gz... Done

Processing configuration file sa-ee_770.lsd...

Simulation 1 of 3 running (seed=2308)...
 Optional statistics being computed in object 'Stats' for country 1
 Optional statistics being computed in object 'Stats' for country 2
 Regime changed (t=100) at country 1
 Regime changed (t=100) at country 2
Simulation 1 of 3 finished at case 400 (503.81 sec.)
Saving results to file /home/fanti/LSD/Work/k-s-labormkt/R/sa_ee/sa-ee_770_2308.res.gz... Done

Simulation 2 of 3 running (seed=2309)...
 Optional statistics being computed in object 'Stats' for country 1
 Optional statistics being computed in object 'Stats' for country 2
 Regime changed (t=100) at country 1
 Regime changed (t=100) at country 2
Simulation 2 of 3 finished at case 400 (588.08 sec.)
Saving results to file /home/fanti/LSD/Work/k-s-labormkt/R/sa_ee/sa-ee_770_2309.res.gz... Done

Simulation 3 of 3 running (seed=2310)...
 Optional statistics being computed in object 'Stats' for country 1
 Optional statistics being computed in object 'Stats' for country 2
 Regime changed (t=100) at country 1
 Regime changed (t=100) at country 2
Simulation 3 of 3 finished at case 400 (495.91 sec.)
Saving results to file /home/fanti/LSD/Work/k-s-labormkt/R/sa_ee/sa-ee_770_2310.res.gz... Done

Processing configuration file sa-ee_771.lsd...

Simulation 1 of 3 running (seed=2311)...
 Optional statistics being computed in object 'Stats' for country 1
 Optional statistics being computed in object 'Stats' for country 2
 Regime changed (t=100) at country 1
 Regime changed (t=100) at country 2
Simulation 1 of 3 finished at case 400 (474.41 sec.)
Saving results to file /home/fanti/LSD/Work/k-s-labormkt/R/sa_ee/sa-ee_771_2311.res.gz... Done

Simulation 2 of 3 running (seed=2312)...
 Optional statistics being computed in object 'Stats' for country 1
 Optional statistics being computed in object 'Stats' for country 2
 Regime changed (t=100) at country 1
 Regime changed (t=100) at country 2
Simulation 2 of 3 finished at case 400 (559.90 sec.)
Saving results to file /home/fanti/LSD/Work/k-s-labormkt/R/sa_ee/sa-ee_771_2312.res.gz... Done

Simulation 3 of 3 running (seed=2313)...
 Optional statistics being computed in object 'Stats' for country 1
 Optional statistics being computed in object 'Stats' for country 2
 Regime changed (t=100) at country 1
 Regime changed (t=100) at country 2
Simulation 3 of 3 finished at case 400 (553.04 sec.)
Saving results to file /home/fanti/LSD/Work/k-s-labormkt/R/sa_ee/sa-ee_771_2313.res.gz... Done

Processing configuration file sa-ee_772.lsd...

Simulation 1 of 3 running (seed=2314)...
 Optional statistics being computed in object 'Stats' for country 1
 Optional statistics being computed in object 'Stats' for country 2
 Regime changed (t=100) at country 1
 Regime changed (t=100) at country 2
Simulation 1 of 3 finished at case 400 (587.88 sec.)
Saving results to file /home/fanti/LSD/Work/k-s-labormkt/R/sa_ee/sa-ee_772_2314.res.gz... Done

Simulation 2 of 3 running (seed=2315)...
 Optional statistics being computed in object 'Stats' for country 1
 Optional statistics being computed in object 'Stats' for country 2
 Regime changed (t=100) at country 1
 Regime changed (t=100) at country 2
Simulation 2 of 3 finished at case 400 (468.19 sec.)
Saving results to file /home/fanti/LSD/Work/k-s-labormkt/R/sa_ee/sa-ee_772_2315.res.gz... Done

Simulation 3 of 3 running (seed=2316)...
 Optional statistics being computed in object 'Stats' for country 1
 Optional statistics being computed in object 'Stats' for country 2
 Regime changed (t=100) at country 1
 Regime changed (t=100) at country 2
Simulation 3 of 3 finished at case 400 (446.64 sec.)
Saving results to file /home/fanti/LSD/Work/k-s-labormkt/R/sa_ee/sa-ee_772_2316.res.gz... Done

Processing configuration file sa-ee_773.lsd...

Simulation 1 of 3 running (seed=2317)...
 Optional statistics being computed in object 'Stats' for country 1
 Optional statistics being computed in object 'Stats' for country 2
 Regime changed (t=100) at country 1
 Regime changed (t=100) at country 2
Simulation 1 of 3 finished at case 400 (440.29 sec.)
Saving results to file /home/fanti/LSD/Work/k-s-labormkt/R/sa_ee/sa-ee_773_2317.res.gz... Done

Simulation 2 of 3 running (seed=2318)...
 Optional statistics being computed in object 'Stats' for country 1
 Optional statistics being computed in object 'Stats' for country 2
 Regime changed (t=100) at country 1
 Regime changed (t=100) at country 2
Simulation 2 of 3 finished at case 400 (444.51 sec.)
Saving results to file /home/fanti/LSD/Work/k-s-labormkt/R/sa_ee/sa-ee_773_2318.res.gz... Done

Simulation 3 of 3 running (seed=2319)...
 Optional statistics being computed in object 'Stats' for country 1
 Optional statistics being computed in object 'Stats' for country 2
 Regime changed (t=100) at country 1
 Regime changed (t=100) at country 2
Simulation 3 of 3 finished at case 400 (432.13 sec.)
Saving results to file /home/fanti/LSD/Work/k-s-labormkt/R/sa_ee/sa-ee_773_2319.res.gz... Done

Processing configuration file sa-ee_774.lsd...

Simulation 1 of 3 running (seed=2320)...
 Optional statistics being computed in object 'Stats' for country 1
 Optional statistics being computed in object 'Stats' for country 2
 Regime changed (t=100) at country 1
 Regime changed (t=100) at country 2
Simulation 1 of 3 finished at case 400 (432.70 sec.)
Saving results to file /home/fanti/LSD/Work/k-s-labormkt/R/sa_ee/sa-ee_774_2320.res.gz... Done

Simulation 2 of 3 running (seed=2321)...
 Optional statistics being computed in object 'Stats' for country 1
 Optional statistics being computed in object 'Stats' for country 2
 Regime changed (t=100) at country 1
 Regime changed (t=100) at country 2
Simulation 2 of 3 finished at case 400 (444.50 sec.)
Saving results to file /home/fanti/LSD/Work/k-s-labormkt/R/sa_ee/sa-ee_774_2321.res.gz... Done

Simulation 3 of 3 running (seed=2322)...
 Optional statistics being computed in object 'Stats' for country 1
 Optional statistics being computed in object 'Stats' for country 2
 Regime changed (t=100) at country 1
 Regime changed (t=100) at country 2
Simulation 3 of 3 finished at case 400 (430.60 sec.)
Saving results to file /home/fanti/LSD/Work/k-s-labormkt/R/sa_ee/sa-ee_774_2322.res.gz... Done

Processing configuration file sa-ee_775.lsd...

Simulation 1 of 3 running (seed=2323)...
 Optional statistics being computed in object 'Stats' for country 1
 Optional statistics being computed in object 'Stats' for country 2
 Regime changed (t=100) at country 1
 Regime changed (t=100) at country 2
Simulation 1 of 3 finished at case 400 (420.37 sec.)
Saving results to file /home/fanti/LSD/Work/k-s-labormkt/R/sa_ee/sa-ee_775_2323.res.gz... Done

Simulation 2 of 3 running (seed=2324)...
 Optional statistics being computed in object 'Stats' for country 1
 Optional statistics being computed in object 'Stats' for country 2
 Regime changed (t=100) at country 1
 Regime changed (t=100) at country 2
Simulation 2 of 3 finished at case 400 (427.74 sec.)
Saving results to file /home/fanti/LSD/Work/k-s-labormkt/R/sa_ee/sa-ee_775_2324.res.gz... Done

Simulation 3 of 3 running (seed=2325)...
 Optional statistics being computed in object 'Stats' for country 1
 Optional statistics being computed in object 'Stats' for country 2
 Regime changed (t=100) at country 1
 Regime changed (t=100) at country 2
Simulation 3 of 3 finished at case 400 (418.29 sec.)
Saving results to file /home/fanti/LSD/Work/k-s-labormkt/R/sa_ee/sa-ee_775_2325.res.gz... Done

Processing configuration file sa-ee_776.lsd...

Simulation 1 of 3 running (seed=2326)...
 Optional statistics being computed in object 'Stats' for country 1
 Optional statistics being computed in object 'Stats' for country 2
 Regime changed (t=100) at country 1
 Regime changed (t=100) at country 2
Simulation 1 of 3 finished at case 400 (423.56 sec.)
Saving results to file /home/fanti/LSD/Work/k-s-labormkt/R/sa_ee/sa-ee_776_2326.res.gz... Done

Simulation 2 of 3 running (seed=2327)...
 Optional statistics being computed in object 'Stats' for country 1
 Optional statistics being computed in object 'Stats' for country 2
 Regime changed (t=100) at country 1
 Regime changed (t=100) at country 2
Simulation 2 of 3 finished at case 400 (431.71 sec.)
Saving results to file /home/fanti/LSD/Work/k-s-labormkt/R/sa_ee/sa-ee_776_2327.res.gz... Done

Simulation 3 of 3 running (seed=2328)...
 Optional statistics being computed in object 'Stats' for country 1
 Optional statistics being computed in object 'Stats' for country 2
 Regime changed (t=100) at country 1
 Regime changed (t=100) at country 2
Simulation 3 of 3 finished at case 400 (402.06 sec.)
Saving results to file /home/fanti/LSD/Work/k-s-labormkt/R/sa_ee/sa-ee_776_2328.res.gz... Done

Processing configuration file sa-ee_777.lsd...

Simulation 1 of 3 running (seed=2329)...
 Optional statistics being computed in object 'Stats' for country 1
 Optional statistics being computed in object 'Stats' for country 2
 Regime changed (t=100) at country 1
 Regime changed (t=100) at country 2
Simulation 1 of 3 finished at case 400 (407.02 sec.)
Saving results to file /home/fanti/LSD/Work/k-s-labormkt/R/sa_ee/sa-ee_777_2329.res.gz... Done

Simulation 2 of 3 running (seed=2330)...
 Optional statistics being computed in object 'Stats' for country 1
 Optional statistics being computed in object 'Stats' for country 2
 Regime changed (t=100) at country 1
 Regime changed (t=100) at country 2
Simulation 2 of 3 finished at case 400 (413.10 sec.)
Saving results to file /home/fanti/LSD/Work/k-s-labormkt/R/sa_ee/sa-ee_777_2330.res.gz... Done

Simulation 3 of 3 running (seed=2331)...
 Optional statistics being computed in object 'Stats' for country 1
 Optional statistics being computed in object 'Stats' for country 2
 Regime changed (t=100) at country 1
 Regime changed (t=100) at country 2
Simulation 3 of 3 finished at case 400 (412.20 sec.)
Saving results to file /home/fanti/LSD/Work/k-s-labormkt/R/sa_ee/sa-ee_777_2331.res.gz... Done

Processing configuration file sa-ee_778.lsd...

Simulation 1 of 3 running (seed=2332)...
 Optional statistics being computed in object 'Stats' for country 1
 Optional statistics being computed in object 'Stats' for country 2
 Regime changed (t=100) at country 1
 Regime changed (t=100) at country 2
Simulation 1 of 3 finished at case 400 (407.00 sec.)
Saving results to file /home/fanti/LSD/Work/k-s-labormkt/R/sa_ee/sa-ee_778_2332.res.gz... Done

Simulation 2 of 3 running (seed=2333)...
 Optional statistics being computed in object 'Stats' for country 1
 Optional statistics being computed in object 'Stats' for country 2
 Regime changed (t=100) at country 1
 Regime changed (t=100) at country 2
Simulation 2 of 3 finished at case 400 (401.04 sec.)
Saving results to file /home/fanti/LSD/Work/k-s-labormkt/R/sa_ee/sa-ee_778_2333.res.gz... Done

Simulation 3 of 3 running (seed=2334)...
 Optional statistics being computed in object 'Stats' for country 1
 Optional statistics being computed in object 'Stats' for country 2
 Regime changed (t=100) at country 1
 Regime changed (t=100) at country 2
Simulation 3 of 3 finished at case 400 (404.48 sec.)
Saving results to file /home/fanti/LSD/Work/k-s-labormkt/R/sa_ee/sa-ee_778_2334.res.gz... Done

Processing configuration file sa-ee_779.lsd...

Simulation 1 of 3 running (seed=2335)...
 Optional statistics being computed in object 'Stats' for country 1
 Optional statistics being computed in object 'Stats' for country 2
 Regime changed (t=100) at country 1
 Regime changed (t=100) at country 2
Simulation 1 of 3 finished at case 400 (412.55 sec.)
Saving results to file /home/fanti/LSD/Work/k-s-labormkt/R/sa_ee/sa-ee_779_2335.res.gz... Done

Simulation 2 of 3 running (seed=2336)...
 Optional statistics being computed in object 'Stats' for country 1
 Optional statistics being computed in object 'Stats' for country 2
 Regime changed (t=100) at country 1
 Regime changed (t=100) at country 2
Simulation 2 of 3 finished at case 400 (406.46 sec.)
Saving results to file /home/fanti/LSD/Work/k-s-labormkt/R/sa_ee/sa-ee_779_2336.res.gz... Done

Simulation 3 of 3 running (seed=2337)...
 Optional statistics being computed in object 'Stats' for country 1
 Optional statistics being computed in object 'Stats' for country 2
 Regime changed (t=100) at country 1
 Regime changed (t=100) at country 2
Simulation 3 of 3 finished at case 400 (406.77 sec.)
Saving results to file /home/fanti/LSD/Work/k-s-labormkt/R/sa_ee/sa-ee_779_2337.res.gz... Done

Processing configuration file sa-ee_780.lsd...

Simulation 1 of 3 running (seed=2338)...
 Optional statistics being computed in object 'Stats' for country 1
 Optional statistics being computed in object 'Stats' for country 2
 Regime changed (t=100) at country 1
 Regime changed (t=100) at country 2
Simulation 1 of 3 finished at case 400 (397.68 sec.)
Saving results to file /home/fanti/LSD/Work/k-s-labormkt/R/sa_ee/sa-ee_780_2338.res.gz... Done

Simulation 2 of 3 running (seed=2339)...
 Optional statistics being computed in object 'Stats' for country 1
 Optional statistics being computed in object 'Stats' for country 2
 Regime changed (t=100) at country 1
 Regime changed (t=100) at country 2
Simulation 2 of 3 finished at case 400 (403.03 sec.)
Saving results to file /home/fanti/LSD/Work/k-s-labormkt/R/sa_ee/sa-ee_780_2339.res.gz... Done

Simulation 3 of 3 running (seed=2340)...
 Optional statistics being computed in object 'Stats' for country 1
 Optional statistics being computed in object 'Stats' for country 2
 Regime changed (t=100) at country 1
 Regime changed (t=100) at country 2
Simulation 3 of 3 finished at case 400 (407.29 sec.)
Saving results to file /home/fanti/LSD/Work/k-s-labormkt/R/sa_ee/sa-ee_780_2340.res.gz... Done

Finished processing sa-ee_781.lsd
